// Jest Snapshot v1, https://goo.gl/fbAQLP

exports[`<List /> should renders correctly 1`] = `
<div
  className="List"
>
  <button>
    <a
      aria-current={null}
      href="/game"
      onClick={[Function]}
    >
      Play
    </a>
  </button>
  <button>
    <a
      aria-current={null}
      href="/author"
      onClick={[Function]}
    >
      Author
    </a>
  </button>
</div>
`;
